// Jest Snapshot v1, https://goo.gl/fbAQLP

exports[`FlexRow default variant matches the snapshot 1`] = `
.c0 {
  display: -webkit-box;
  display: -webkit-flex;
  display: -ms-flexbox;
  display: flex;
  -webkit-align-items: center;
  -webkit-box-align: center;
  -ms-flex-align: center;
  align-items: center;
}

<div
  class="styled-box__StyledBox-vdg6bx-0 c0"
>
  Flex Row
</div>
`;
